"blank"                         "=========================="
"blank"                         "Movement Commands"
"blank"                         "=========================="
"+forward"                      "Move forward"
"+back"                         "Move back"
"+moveleft"                     "Move left (strafe)"
"+moveright"                    "Move right (strafe)"
"+jump"                         "Jump"
"+duck"                         "Duck"
"+speed"                        "Walk"
"+use"                          "Use item (buttons, scientists, ...)"
"blank"                         "=========================="
"blank"                         "Combat Commands"
"blank"                         "=========================="
"+attack"                       "Primary attack"
"+attack2"                      "Secondary attack"
"+reload"                       "Reload weapon"
"invprev"                       "Previous weapon"
"invnext"                       "Next weapon"
"lastinv"                       "Last used weapon"
"+zoom"                         "Zoom (with Ocular Implants)"
"slot1"                         "Weapon slot 1"
"slot2"                         "Weapon slot 2"
"slot3"                         "Weapon slot 3"
"slot4"                         "Weapon slot 4"
"slot5"                         "Weapon slot 5"
"blank"                         "=========================="
"blank"                         "Communication Commands"
"blank"                         "=========================="
"messagemode"                   "Chat message"
"messagemode2"                  "Team message"
"+voicerecord"                  "Use voice communication"
"+commandmenu"                  "Command menu"
"impulse 201"                   "Spray logo"
"blank"                         "=========================="
"blank"                         "SI Commands"
"blank"                         "=========================="
"vote"                          "Research vote"
"+showmap"                      "Display overview"
"yes"                           "Vote yes"
"no"                            "Vote no"
"changeteam"                    "Change team"
"changemodel"                   "Change model"
"blank"                         "=========================="
"blank"                         "Miscellaneous"
"blank"                         "=========================="
"+showscores"                   "Display scoreboard"
"snapshot"                      "Take screen shot"
"quit"                          "Quit game"
"blank"                         "=========================="
"blank"                         "Other Movement Commands"
"blank"                         "=========================="
"+strafe"                       "Strafe modifier"
"+left"                         "Turn left"
"+right"                        "Turn right"
"+moveup"                       "Swim up"
"+movedown"                     "Swim down"
"+lookup"                       "Look up"
"+lookdown"                     "Look down"
"centerview"                    "Look straight ahead"
"+mlook"                        "Mouse look modifier"
"+klook"                        "Keyboard look modifier"
"zoomin"                        "Zoom in (with Ocular Implants"
"zoomout"                       "Zoom out (with Ocular Implants"
"blank"                         "=========================="
"blank"                         "Quick Switch Weapon Keys"
"blank"                         "=========================="
"weapon_briefcase"              "Briefcase"
"weapon_cloak"                  "Personal Cloak Generator"
"weapon_rocketpistol"           "Rocket Pistol"
"weapon_colt"                   "Colt Defender"
"weapon_vomit"                  "GI Destabilizer"
"weapon_tommygun"               "Tommygun"
"weapon_snUZI"                  "Akimbo snUZIs"
"weapon_shotgun"                "Assault Shotgun"
"weapon_crossbow"               "Crossbow"
"weapon_gauss"                  "Tau Cannon"
"weapon_mindray"                "Mindray"
"weapon_handgrenade"            "Fragmentation Grenade"
"weapon_nailgun"				"Nailgun"
"weapon_satchel"                "Satchel"
"weapon_tripmine"               "Tripmine"
"weapon_transistor"             "Radio Transistor"
"weapon_fleshgrenade"           "Flesh Eating Virus"
"weapon_empcannon"              "EMP Cannon"
"weapon_nailgun"				"Nailgun"
"weapon_teleportkit"			"Teleport Kit"