"w"                 "+forward"
"s"                 "+back"
"a"                 "+moveleft"
"d"                 "+moveright"
"UPARROW"           "+forward"
"DOWNARROW"         "+back"
"LEFTARROW"         "+moveleft"
"RIGHTARROW"        "+moveright"
"ALT"               "+strafe"
"SPACE"             "+jump"
"CTRL"              "+duck"
"c"                 "+duck"
"TAB"               "+showscores"
"e"                 "+use"
"r"                 "+reload"
"SHIFT"             "+speed"
"MOUSE1"            "+attack"
"MOUSE2"            "+attack2"
"MOUSE3"            "+zoom"
"1"                 "slot1"
"2"                 "slot2"
"3"                 "slot3"
"4"                 "slot4"
"5"                 "slot5"
"6"                 "slot6"
"7"                 "slot7"
"8"                 "slot8"
"9"                 "slot9"
"0"                 "slot10"
"MWHEELUP"          "invprev"
"MWHEELDOWN"        "invnext"
"q"                 "lastinv"
"~"                 "toggleconsole"
"`"                 "toggleconsole"
"t"                 "impulse 201"
"y"                 "messagemode"
"u"                 "messagemode2"
"n"                 "changeteam"
"F5"                "changeteam"
"b"                 "changemodel"
"F6"                "changemodel"
"v"                 "vote"
"F1"                "vote"
"F2"                "+showmap"
"F3"                "yes"
"F4"                "no"
"F7"                "+voicerecord"
"g"                 "+commandmenu"
"z"                 "weapon_shotgun"
"x"                 "weapon_crossbow"
"f"                 "weapon_gauss"
